[stage] clone 2026-03-20T17:00:53+00:00
Cloning into 'parameter-golf'...
[stage] venv 2026-03-20T17:00:54+00:00
[stage] data 2026-03-20T17:00:58+00:00
Warning: You are sending unauthenticated requests to the HF Hub. Please set a HF_TOKEN to enable higher rate limits and faster downloads.
[stage] train 2026-03-20T17:02:44+00:00

*****************************************
Setting OMP_NUM_THREADS environment variable for each process to be 1 in default, to avoid your system being overloaded, please further tune the variable for optimal performance in your application as needed. 
*****************************************
logs/runpod-verify-20260320b.txt
val_bpb:enabled tokenizer_kind=sentencepiece tokenizer_path=./data/tokenizers/fineweb_1024_bpe.model
train_loader:dataset:fineweb10B_sp1024 train_shards:80
val_loader:shards pattern=./data/datasets/fineweb10B_sp1024/fineweb_val_*.bin tokens:62021632
QAT:False
model_params:20894281
world_size:8 grad_accum_steps:1
sdp_backends:cudnn=False flash=True mem_efficient=False math=False
attention_mode:gqa num_heads:8 num_kv_heads:4
tie_embeddings:True embed_lr:0.03 head_lr:0.0 matrix_lr:0.02 scalar_lr:0.02
train_batch_tokens:786432 train_seq_len:2048 iterations:20000 warmup_steps:20 max_wallclock_seconds:600.000
seed:1337
warmup_step:1/20
warmup_step:2/20
warmup_step:3/20
warmup_step:4/20
warmup_step:5/20
warmup_step:6/20
warmup_step:7/20
warmup_step:8/20
warmup_step:9/20
warmup_step:10/20
warmup_step:11/20
warmup_step:12/20
warmup_step:13/20
warmup_step:14/20
warmup_step:15/20
warmup_step:16/20
warmup_step:17/20
warmup_step:18/20
warmup_step:19/20
warmup_step:20/20
step:1/20000 train_loss:6.9329 train_time:144ms step_avg:144.36ms
step:2/20000 train_loss:8.0433 train_time:191ms step_avg:95.61ms
step:3/20000 train_loss:7.6154 train_time:269ms step_avg:89.67ms
step:4/20000 train_loss:6.9828 train_time:347ms step_avg:86.72ms
step:5/20000 train_loss:6.8230 train_time:426ms step_avg:85.17ms
step:6/20000 train_loss:6.6979 train_time:503ms step_avg:83.85ms
step:7/20000 train_loss:6.5789 train_time:581ms step_avg:82.95ms
step:8/20000 train_loss:6.5884 train_time:661ms step_avg:82.58ms
step:9/20000 train_loss:6.3173 train_time:738ms step_avg:82.03ms
step:10/20000 train_loss:6.0303 train_time:816ms step_avg:81.59ms
step:200/20000 train_loss:2.4288 train_time:15940ms step_avg:79.70ms
step:400/20000 train_loss:2.4431 train_time:31950ms step_avg:79.87ms
step:600/20000 train_loss:2.3571 train_time:48265ms step_avg:80.44ms
step:800/20000 train_loss:2.2582 train_time:64389ms step_avg:80.49ms
step:1000/20000 train_loss:2.2884 train_time:80453ms step_avg:80.45ms
step:1200/20000 train_loss:2.3690 train_time:96576ms step_avg:80.48ms
step:1400/20000 train_loss:2.1904 train_time:112686ms step_avg:80.49ms
step:1600/20000 train_loss:2.0893 train_time:128730ms step_avg:80.46ms
step:1800/20000 train_loss:2.1748 train_time:144811ms step_avg:80.45ms
step:2000/20000 train_loss:2.0810 train_time:160828ms step_avg:80.41ms
step:2200/20000 train_loss:2.1536 train_time:176867ms step_avg:80.39ms
step:2400/20000 train_loss:2.0774 train_time:192835ms step_avg:80.35ms
step:2600/20000 train_loss:2.1157 train_time:208843ms step_avg:80.32ms
step:2800/20000 train_loss:2.1576 train_time:224853ms step_avg:80.30ms
step:3000/20000 train_loss:2.1614 train_time:240793ms step_avg:80.26ms
step:3200/20000 train_loss:2.1725 train_time:256775ms step_avg:80.24ms
step:3400/20000 train_loss:2.0207 train_time:272694ms step_avg:80.20ms
step:3600/20000 train_loss:2.0924 train_time:288654ms step_avg:80.18ms
step:3800/20000 train_loss:2.0721 train_time:304560ms step_avg:80.15ms
step:4000/20000 train_loss:1.9732 train_time:320516ms step_avg:80.13ms
step:4200/20000 train_loss:2.1537 train_time:336480ms step_avg:80.11ms
step:4400/20000 train_loss:2.0446 train_time:352388ms step_avg:80.09ms
step:4600/20000 train_loss:1.8546 train_time:368324ms step_avg:80.07ms
step:4800/20000 train_loss:2.4436 train_time:384293ms step_avg:80.06ms
step:5000/20000 train_loss:2.1223 train_time:400240ms step_avg:80.05ms
step:5200/20000 train_loss:2.0636 train_time:416129ms step_avg:80.02ms
step:5400/20000 train_loss:2.0687 train_time:432080ms step_avg:80.01ms
step:5600/20000 train_loss:1.9805 train_time:448573ms step_avg:80.10ms
step:5800/20000 train_loss:2.0282 train_time:464963ms step_avg:80.17ms
step:6000/20000 train_loss:1.9733 train_time:481708ms step_avg:80.28ms
step:6200/20000 train_loss:1.9898 train_time:497982ms step_avg:80.32ms
step:6400/20000 train_loss:2.0440 train_time:514767ms step_avg:80.43ms
step:6600/20000 train_loss:1.8946 train_time:531126ms step_avg:80.47ms
step:6800/20000 train_loss:2.0844 train_time:547873ms step_avg:80.57ms
step:7000/20000 train_loss:1.8538 train_time:564638ms step_avg:80.66ms
step:7200/20000 train_loss:1.9482 train_time:580924ms step_avg:80.68ms
step:7400/20000 train_loss:1.9935 train_time:597671ms step_avg:80.77ms
step:7430/20000 val_loss:1.9844 val_bpb:1.1753 train_time:600093ms step_avg:80.77ms
stopping_early: wallclock_cap train_time:600093ms step:7430/20000
peak memory allocated: 16625 MiB reserved: 16902 MiB
Serialized model: 82563803 bytes
Code size: 63056 bytes
Total submission size: 82626859 bytes
Serialized model int8+zlib: 19517817 bytes (payload:21225956 raw_torch:21272527 payload_ratio:3.89x)
Total submission size int8+zlib: 19580873 bytes
Serialized model int6+zstd: 15807326 bytes
Total submission size int6+zstd: 15870382 bytes
final_int6_zstd_roundtrip val_loss:1.9968 val_bpb:1.1826 eval_time:1751ms
final_int6_zstd_roundtrip_exact val_loss:1.99675128 val_bpb:1.18258858
final_int6_sliding_window stride:16 val_loss:1.9609 val_bpb:1.1614 eval_time:531774ms
final_int6_sliding_window_exact val_loss:1.96093972 val_bpb:1.16138246
