
*****************************************
Setting OMP_NUM_THREADS environment variable for each process to be 1 in default, to avoid your system being overloaded, please further tune the variable for optimal performance in your application as needed. 
*****************************************
logs/runpod-verify-20260320b-seed1339.txt
val_bpb:enabled tokenizer_kind=sentencepiece tokenizer_path=./data/tokenizers/fineweb_1024_bpe.model
train_loader:dataset:fineweb10B_sp1024 train_shards:80
val_loader:shards pattern=./data/datasets/fineweb10B_sp1024/fineweb_val_*.bin tokens:62021632
QAT:False
model_params:20894281
world_size:8 grad_accum_steps:1
sdp_backends:cudnn=False flash=True mem_efficient=False math=False
attention_mode:gqa num_heads:8 num_kv_heads:4
tie_embeddings:True embed_lr:0.03 head_lr:0.0 matrix_lr:0.02 scalar_lr:0.02
train_batch_tokens:786432 train_seq_len:2048 iterations:20000 warmup_steps:20 max_wallclock_seconds:600.000
seed:1339
warmup_step:1/20
warmup_step:2/20
warmup_step:3/20
warmup_step:4/20
warmup_step:5/20
warmup_step:6/20
warmup_step:7/20
warmup_step:8/20
warmup_step:9/20
warmup_step:10/20
warmup_step:11/20
warmup_step:12/20
warmup_step:13/20
warmup_step:14/20
warmup_step:15/20
warmup_step:16/20
warmup_step:17/20
warmup_step:18/20
warmup_step:19/20
warmup_step:20/20
step:1/20000 train_loss:6.9304 train_time:126ms step_avg:126.24ms
step:2/20000 train_loss:7.9977 train_time:168ms step_avg:83.95ms
step:3/20000 train_loss:7.5849 train_time:245ms step_avg:81.82ms
step:4/20000 train_loss:6.9716 train_time:323ms step_avg:80.72ms
step:5/20000 train_loss:6.7049 train_time:401ms step_avg:80.27ms
step:6/20000 train_loss:6.4896 train_time:479ms step_avg:79.83ms
step:7/20000 train_loss:6.4740 train_time:557ms step_avg:79.51ms
step:8/20000 train_loss:6.4611 train_time:634ms step_avg:79.28ms
step:9/20000 train_loss:6.2674 train_time:712ms step_avg:79.13ms
step:10/20000 train_loss:6.1001 train_time:789ms step_avg:78.95ms
step:200/20000 train_loss:2.4480 train_time:16283ms step_avg:81.42ms
step:400/20000 train_loss:2.4579 train_time:33220ms step_avg:83.05ms
step:600/20000 train_loss:2.3697 train_time:49801ms step_avg:83.00ms
step:800/20000 train_loss:2.2710 train_time:66686ms step_avg:83.36ms
step:1000/20000 train_loss:2.3014 train_time:83143ms step_avg:83.14ms
step:1200/20000 train_loss:2.3803 train_time:100103ms step_avg:83.42ms
step:1400/20000 train_loss:2.2027 train_time:117150ms step_avg:83.68ms
step:1600/20000 train_loss:2.1027 train_time:133738ms step_avg:83.59ms
step:1800/20000 train_loss:2.1904 train_time:150738ms step_avg:83.74ms
step:2000/20000 train_loss:2.0931 train_time:167138ms step_avg:83.57ms
step:2200/20000 train_loss:2.1565 train_time:184150ms step_avg:83.70ms
step:2400/20000 train_loss:2.0870 train_time:200663ms step_avg:83.61ms
step:2600/20000 train_loss:2.1237 train_time:217580ms step_avg:83.68ms
step:2800/20000 train_loss:2.1681 train_time:234474ms step_avg:83.74ms
step:3000/20000 train_loss:2.1716 train_time:250811ms step_avg:83.60ms
step:3200/20000 train_loss:2.1789 train_time:267715ms step_avg:83.66ms
step:3400/20000 train_loss:2.0255 train_time:284189ms step_avg:83.58ms
step:3600/20000 train_loss:2.1013 train_time:301051ms step_avg:83.63ms
step:3800/20000 train_loss:2.0785 train_time:317387ms step_avg:83.52ms
step:4000/20000 train_loss:1.9808 train_time:334288ms step_avg:83.57ms
step:4200/20000 train_loss:2.1660 train_time:351206ms step_avg:83.62ms
step:4400/20000 train_loss:2.0484 train_time:367622ms step_avg:83.55ms
step:4600/20000 train_loss:1.8553 train_time:384502ms step_avg:83.59ms
step:4800/20000 train_loss:2.4540 train_time:400831ms step_avg:83.51ms
step:5000/20000 train_loss:2.1220 train_time:417723ms step_avg:83.54ms
step:5200/20000 train_loss:2.0645 train_time:434117ms step_avg:83.48ms
step:5400/20000 train_loss:2.0724 train_time:451014ms step_avg:83.52ms
step:5600/20000 train_loss:1.9866 train_time:467897ms step_avg:83.55ms
step:5800/20000 train_loss:2.0319 train_time:484238ms step_avg:83.49ms
step:6000/20000 train_loss:1.9788 train_time:501110ms step_avg:83.52ms
step:6200/20000 train_loss:1.9888 train_time:517487ms step_avg:83.47ms
step:6400/20000 train_loss:2.0511 train_time:534445ms step_avg:83.51ms
step:6600/20000 train_loss:1.8946 train_time:550779ms step_avg:83.45ms
step:6800/20000 train_loss:2.0883 train_time:567670ms step_avg:83.48ms
step:7000/20000 train_loss:1.8636 train_time:584569ms step_avg:83.51ms
step:7181/20000 val_loss:1.9939 val_bpb:1.1809 train_time:599484ms step_avg:83.48ms
stopping_early: wallclock_cap train_time:599484ms step:7181/20000
peak memory allocated: 16610 MiB reserved: 16822 MiB
Serialized model: 82563803 bytes
Code size: 63056 bytes
Total submission size: 82626859 bytes
Serialized model int8+zlib: 19486679 bytes (payload:21225956 raw_torch:21272527 payload_ratio:3.89x)
Total submission size int8+zlib: 19549735 bytes
Serialized model int6+zstd: 15825793 bytes
Total submission size int6+zstd: 15888849 bytes
final_int6_zstd_roundtrip val_loss:2.0072 val_bpb:1.1888 eval_time:1749ms
final_int6_zstd_roundtrip_exact val_loss:2.00715703 val_bpb:1.18875145
final_int6_sliding_window stride:16 val_loss:1.9717 val_bpb:1.1678 eval_time:532061ms
final_int6_sliding_window_exact val_loss:1.97169689 val_bpb:1.16775348
