W0320 13:08:32.876000 1166 torch/distributed/run.py:803] 
W0320 13:08:32.876000 1166 torch/distributed/run.py:803] *****************************************
W0320 13:08:32.876000 1166 torch/distributed/run.py:803] Setting OMP_NUM_THREADS environment variable for each process to be 1 in default, to avoid your system being overloaded, please further tune the variable for optimal performance in your application as needed. 
W0320 13:08:32.876000 1166 torch/distributed/run.py:803] *****************************************
logs/runpod-20260320-candidate-pr135-qscale-mlp1376-bigram128-nofp16-stride16-full.txt
val_bpb:enabled tokenizer_kind=sentencepiece tokenizer_path=./data/tokenizers/fineweb_1024_bpe.model
train_loader:dataset:fineweb10B_sp1024 train_shards:80
val_loader:shards pattern=./data/datasets/fineweb10B_sp1024/fineweb_val_*.bin tokens:62021632
QAT:False
model_params:20894281
world_size:8 grad_accum_steps:1
sdp_backends:cudnn=False flash=True mem_efficient=False math=False
attention_mode:gqa num_heads:8 num_kv_heads:4
tie_embeddings:True embed_lr:0.03 head_lr:0.0 matrix_lr:0.02 scalar_lr:0.02
train_batch_tokens:786432 train_seq_len:2048 iterations:20000 warmup_steps:20 max_wallclock_seconds:600.000
seed:1337
warmup_step:1/20
warmup_step:2/20
warmup_step:3/20
warmup_step:4/20
warmup_step:5/20
warmup_step:6/20
warmup_step:7/20
warmup_step:8/20
warmup_step:9/20
warmup_step:10/20
warmup_step:11/20
warmup_step:12/20
warmup_step:13/20
warmup_step:14/20
warmup_step:15/20
warmup_step:16/20
warmup_step:17/20
warmup_step:18/20
warmup_step:19/20
warmup_step:20/20
step:1/20000 train_loss:6.9329 train_time:235ms step_avg:234.72ms
step:2/20000 train_loss:8.0433 train_time:289ms step_avg:144.39ms
step:3/20000 train_loss:7.6479 train_time:378ms step_avg:126.15ms
step:4/20000 train_loss:6.9330 train_time:468ms step_avg:117.05ms
step:5/20000 train_loss:6.8353 train_time:560ms step_avg:111.96ms
step:6/20000 train_loss:6.7665 train_time:649ms step_avg:108.13ms
step:7/20000 train_loss:6.6370 train_time:739ms step_avg:105.61ms
step:8/20000 train_loss:6.6173 train_time:828ms step_avg:103.44ms
step:9/20000 train_loss:6.3788 train_time:915ms step_avg:101.64ms
step:10/20000 train_loss:6.0993 train_time:1003ms step_avg:100.32ms
step:200/20000 train_loss:2.4217 train_time:18530ms step_avg:92.65ms
step:400/20000 train_loss:2.4478 train_time:41173ms step_avg:102.93ms
step:600/20000 train_loss:2.3561 train_time:60664ms step_avg:101.11ms
step:800/20000 train_loss:2.2572 train_time:84342ms step_avg:105.43ms
step:1000/20000 train_loss:2.2899 train_time:104926ms step_avg:104.93ms
step:1200/20000 train_loss:2.3636 train_time:129111ms step_avg:107.59ms
step:1400/20000 train_loss:2.1945 train_time:152338ms step_avg:108.81ms
step:1600/20000 train_loss:2.0914 train_time:172132ms step_avg:107.58ms
step:1800/20000 train_loss:2.1776 train_time:196791ms step_avg:109.33ms
step:2000/20000 train_loss:2.0818 train_time:217027ms step_avg:108.51ms
step:2200/20000 train_loss:2.1559 train_time:242168ms step_avg:110.08ms
step:2400/20000 train_loss:2.0795 train_time:262208ms step_avg:109.25ms
step:2600/20000 train_loss:2.1112 train_time:286041ms step_avg:110.02ms
step:2800/20000 train_loss:2.1549 train_time:310132ms step_avg:110.76ms
step:3000/20000 train_loss:2.1552 train_time:329717ms step_avg:109.91ms
step:3200/20000 train_loss:2.1631 train_time:353349ms step_avg:110.42ms
step:3400/20000 train_loss:2.0038 train_time:373031ms step_avg:109.71ms
step:3600/20000 train_loss:2.0767 train_time:397343ms step_avg:110.37ms
step:3800/20000 train_loss:2.0491 train_time:417151ms step_avg:109.78ms
step:4000/20000 train_loss:1.9526 train_time:440811ms step_avg:110.20ms
step:4200/20000 train_loss:2.1327 train_time:464641ms step_avg:110.63ms
step:4400/20000 train_loss:2.0123 train_time:484702ms step_avg:110.16ms
step:4600/20000 train_loss:1.8265 train_time:508927ms step_avg:110.64ms
step:4800/20000 train_loss:2.4176 train_time:529456ms step_avg:110.30ms
step:5000/20000 train_loss:2.0929 train_time:554484ms step_avg:110.90ms
step:5200/20000 train_loss:2.0361 train_time:574361ms step_avg:110.45ms
step:5400/20000 train_loss:2.0450 train_time:598700ms step_avg:110.87ms
step:5417/20000 val_loss:2.0045 val_bpb:1.1871 train_time:600106ms step_avg:110.78ms
stopping_early: wallclock_cap train_time:600106ms step:5417/20000
peak memory allocated: 16625 MiB reserved: 16902 MiB
Serialized model: 82563803 bytes
Code size: 63056 bytes
Total submission size: 82626859 bytes
Serialized model int8+zlib: 19502009 bytes (payload:21225956 raw_torch:21272527 payload_ratio:3.89x)
Total submission size int8+zlib: 19565065 bytes
Serialized model int6+zlib: 16320301 bytes
Total submission size int6+zlib: 16383357 bytes
final_int6_zlib_roundtrip val_loss:2.0146 val_bpb:1.1932 eval_time:1756ms
final_int6_zlib_roundtrip_exact val_loss:2.01462371 val_bpb:1.19317364
